Building ig
Step 1/7 : FROM python:3.11-slim
 ---> cb352e69d7b6
Step 2/7 : WORKDIR /app
 ---> Using cache
 ---> 8c7da8436e37
Step 3/7 : COPY requirements.txt .
 ---> Using cache
 ---> 8ef4cada3f5c
Step 4/7 : RUN pip install --no-cache-dir -r requirements.txt
 ---> Using cache
 ---> b570f14cff57
Step 5/7 : RUN apt-get update &&     apt-get install -y --no-install-recommends         fontconfig         fonts-noto-cjk &&     rm -rf /var/lib/apt/lists/*
 ---> Using cache
 ---> 533b34061f7f
Step 6/7 : COPY . .
 ---> Using cache
 ---> e3756e2ecc4b
Step 7/7 : CMD ["python", "main.py"]
 ---> Using cache
 ---> eb0edf0209e2

Successfully built eb0edf0209e2
Successfully tagged wp-ai-bot_ig:latest
Image for service ig was built because it did not already exist. To rebuild this image you must use `docker-compose build` or `docker-compose up --build`.
Creating wp-ai-bot_ig_run ... 
Creating wp-ai-bot_ig_run ... done
[ERROR] IG_ACCESS_TOKEN または IG_BUSINESS_ID が環境変数にありません
1
Creating wp-ai-bot_ig_run ... 
Creating wp-ai-bot_ig_run ... done
[ERROR] IG_ACCESS_TOKEN または IG_BUSINESS_ID が環境変数にありません
1
Creating wp-ai-bot_ig_run ... 
Creating wp-ai-bot_ig_run ... done
[IG] create_res: 200 {"id":"18095910032497728"}
[IG] status_check: IN_PROGRESS
[IG] status_check: FINISHED
[IG] publish_res: 200 {"id":"18051203033679172"}
Creating wp-ai-bot_ig_run ... 
Creating wp-ai-bot_ig_run ... done
[IG] create_res: 200 {"id":"18095910221497728"}
[IG] status_check: IN_PROGRESS
[IG] status_check: FINISHED
[IG] publish_res: 200 {"id":"18106787320727181"}
